function = 5
operator = 3
int = 1
char = 0
pointer = 0
array = 0
selection = 0
loop = 0
return = 1
