function = 2
operator = 0
int = 3
char = 0
pointer = 3
array = 0
selection = 0
loop = 0
return = 1
