function = 2
operator = 0
int = 6
char = 0
pointer = 6
array = 0
selection = 0
loop = 0
return = 1
