function = 1
operator = 14
int = 1
char = 0
pointer = 0
array = 0
selection = 4
loop = 0
return = 0
