function = 1
operator = 8
int = 1
char = 0
pointer = 0
array = 0
selection = 0
loop = 3
return = 0
