function = 1
operator = 5
int = 1
char = 0
pointer = 0
array = 0
selection = 0
loop = 2
return = 0
