function = 2
operator = 0
int = 0
char = 0
pointer = 0
array = 0
selection = 0
loop = 0
return = 1
