function = 1
operator = 0
int = 2
char = 2
pointer = 0
array = 0
selection = 0
loop = 0
return = 0
