function = 3
operator = 3
int = 4
char = 0
pointer = 0
array = 0
selection = 0
loop = 0
return = 1
