function = 1
operator = 34
int = 0
char = 0
pointer = 0
array = 0
selection = 0
loop = 0
return = 0
