function = 2
operator = 0
int = 1
char = 3
pointer = 4
array = 0
selection = 0
loop = 0
return = 0
