function = 1
operator = 4
int = 10
char = 0
pointer = 0
array = 0
selection = 0
loop = 0
return = 0
