function = 1
operator = 4
int = 0
char = 10
pointer = 0
array = 0
selection = 0
loop = 0
return = 0
